// Jest Snapshot v1, https://jestjs.io/docs/snapshot-testing

exports[`Orders Component Rendering matches snapshot with orders 1`] = `
<div
  class="space-y-4"
>
  <div
    class="flex justify-between items-center"
  >
    <h1
      class="text-2xl font-bold"
    >
      Orders
    </h1>
    <div
      class="flex items-center gap-4"
    >
      <input
        data-testid="search-input"
        placeholder="Search orders..."
        value=""
      />
    </div>
  </div>
  <div
    data-testid="card"
  >
    <div
      data-testid="card-header"
    >
      <h3
        data-testid="card-title"
      >
        Orders List (
        2
         orders)
      </h3>
    </div>
    <div
      data-testid="card-content"
    >
      <table
        data-testid="table"
      >
        <thead
          data-testid="table-header"
        >
          <tr>
            <th
              data-testid="sort-date"
            >
              Date 
              desc
            </th>
            <th
              data-testid="sort-customer"
            >
              Customer 
            </th>
            <th
              data-testid="sort-total"
            >
              Total 
            </th>
          </tr>
        </thead>
        <tbody
          data-testid="table-body"
        >
          <tr
            data-testid="order-row"
          >
            <td>
              order-2
            </td>
            <td>
              Jane Smith
            </td>
            <td>
              8500
            </td>
            <td>
              pending
            </td>
          </tr>
          <tr
            data-testid="order-row"
          >
            <td>
              order-1
            </td>
            <td>
              John Doe
            </td>
            <td>
              15000
            </td>
            <td>
              completed
            </td>
          </tr>
        </tbody>
      </table>
      <div
        data-testid="pagination"
      >
        Page 
        1
         of 
        1
        <button>
          Next
        </button>
      </div>
    </div>
  </div>
</div>
`;
